---
source: tests/snapshots.rs
expression: dis
---
; SPIR-V
; Version: 1.0
; Generator: rspirv
; Bound: 221
OpCapability Shader
%1 = OpExtInstImport "GLSL.std.450"
OpMemoryModel Logical GLSL450
OpEntryPoint GLCompute %41 "main" %25
OpExecutionMode %41 LocalSize 64 1 1
OpSource GLSL 450
OpName %3 "NUM_PARTICLES"
OpName %16 "SimParams"
OpMemberName %16 0 "deltaT"
OpMemberName %16 1 "rule1Distance"
OpMemberName %16 2 "rule2Distance"
OpMemberName %16 3 "rule3Distance"
OpMemberName %16 4 "rule1Scale"
OpMemberName %16 5 "rule2Scale"
OpMemberName %16 6 "rule3Scale"
OpName %15 "params"
OpName %19 "Particles"
OpMemberName %19 0 "particles"
OpName %21 "Particle"
OpMemberName %21 0 "pos"
OpMemberName %21 1 "vel"
OpName %18 "particlesSrc"
OpName %24 "particlesDst"
OpName %25 "gl_GlobalInvocationID"
OpName %28 "vPos"
OpName %30 "vVel"
OpName %31 "cMass"
OpName %32 "cVel"
OpName %33 "colVel"
OpName %34 "cMassCount"
OpName %36 "cVelCount"
OpName %37 "pos"
OpName %38 "vel"
OpName %39 "i"
OpName %41 "main"
OpName %41 "main"
OpDecorate %16 Block
OpMemberDecorate %16 0 Offset 0
OpMemberDecorate %16 1 Offset 4
OpMemberDecorate %16 2 Offset 8
OpMemberDecorate %16 3 Offset 12
OpMemberDecorate %16 4 Offset 16
OpMemberDecorate %16 5 Offset 20
OpMemberDecorate %16 6 Offset 24
OpDecorate %15 DescriptorSet 0
OpDecorate %15 Binding 0
OpDecorate %19 BufferBlock
OpMemberDecorate %19 0 Offset 0
OpDecorate %20 ArrayStride 16
OpMemberDecorate %21 0 Offset 0
OpMemberDecorate %21 1 Offset 8
OpDecorate %18 NonWritable
OpDecorate %18 DescriptorSet 0
OpDecorate %18 Binding 1
OpDecorate %24 DescriptorSet 0
OpDecorate %24 Binding 2
OpDecorate %25 BuiltIn GlobalInvocationId
%2 = OpTypeVoid
%4 = OpTypeInt 32 1
%3 = OpConstant  %4  1500
%6 = OpTypeFloat 32
%5 = OpConstant  %6  0.0
%7 = OpConstant  %4  0
%9 = OpTypeInt 32 0
%8 = OpConstant  %9  0
%10 = OpConstant  %4  1
%11 = OpConstant  %9  1
%12 = OpConstant  %6  1.0
%13 = OpConstant  %6  0.1
%14 = OpConstant  %6  -1.0
%16 = OpTypeStruct %6 %6 %6 %6 %6 %6 %6
%17 = OpTypePointer Uniform %16
%15 = OpVariable  %17  Uniform
%22 = OpTypeVector %6 2
%21 = OpTypeStruct %22 %22
%20 = OpTypeRuntimeArray %21
%19 = OpTypeStruct %20
%23 = OpTypePointer Uniform %19
%18 = OpVariable  %23  Uniform
%24 = OpVariable  %23  Uniform
%26 = OpTypeVector %9 3
%27 = OpTypePointer Input %26
%25 = OpVariable  %27  Input
%29 = OpTypePointer Function %22
%35 = OpTypePointer Function %4
%40 = OpTypePointer Function %9
%42 = OpTypeFunction %2
%47 = OpTypeBool
%51 = OpTypePointer Uniform %20
%52 = OpTypePointer Uniform %21
%53 = OpTypePointer Uniform %22
%54 = OpConstant  %4  0
%55 = OpConstant  %4  0
%58 = OpConstant  %4  1
%59 = OpConstant  %4  0
%78 = OpConstant  %4  0
%79 = OpConstant  %4  0
%83 = OpConstant  %4  1
%84 = OpConstant  %4  0
%90 = OpTypePointer Uniform %6
%91 = OpConstant  %4  1
%105 = OpConstant  %4  2
%119 = OpConstant  %4  3
%154 = OpConstant  %4  4
%160 = OpConstant  %4  5
%166 = OpConstant  %4  6
%179 = OpConstant  %4  0
%189 = OpTypePointer Function %6
%190 = OpConstant  %4  0
%197 = OpConstant  %4  0
%204 = OpConstant  %4  1
%211 = OpConstant  %4  1
%214 = OpConstant  %4  0
%215 = OpConstant  %4  0
%218 = OpConstant  %4  1
%219 = OpConstant  %4  0
%41 = OpFunction  %2  None %42
%43 = OpLabel
%39 = OpVariable  %40  Function %8
%36 = OpVariable  %35  Function %7
%32 = OpVariable  %29  Function
%28 = OpVariable  %29  Function
%37 = OpVariable  %29  Function
%33 = OpVariable  %29  Function
%30 = OpVariable  %29  Function
%38 = OpVariable  %29  Function
%34 = OpVariable  %35  Function %7
%31 = OpVariable  %29  Function
OpBranch %44
%44 = OpLabel
%45 = OpLoad  %26  %25
%46 = OpCompositeExtract  %9  %45 0
%48 = OpUGreaterThanEqual  %47  %46 %3
OpSelectionMerge %49 None
OpBranchConditional %48 %50 %49
%50 = OpLabel
OpReturn
%49 = OpLabel
%56 = OpAccessChain  %53  %18 %55 %46 %54
%57 = OpLoad  %22  %56
OpStore %28 %57
%60 = OpAccessChain  %53  %18 %59 %46 %58
%61 = OpLoad  %22  %60
OpStore %30 %61
%62 = OpCompositeConstruct  %22  %5 %5
OpStore %31 %62
%63 = OpCompositeConstruct  %22  %5 %5
OpStore %32 %63
%64 = OpCompositeConstruct  %22  %5 %5
OpStore %33 %64
OpBranch %65
%65 = OpLabel
OpLoopMerge %66 %68 None
OpBranch %67
%67 = OpLabel
%69 = OpLoad  %9  %39
%70 = OpUGreaterThanEqual  %47  %69 %3
OpSelectionMerge %71 None
OpBranchConditional %70 %72 %71
%72 = OpLabel
OpBranch %66
%71 = OpLabel
%73 = OpLoad  %9  %39
%74 = OpIEqual  %47  %73 %46
OpSelectionMerge %75 None
OpBranchConditional %74 %76 %75
%76 = OpLabel
OpBranch %68
%75 = OpLabel
%77 = OpLoad  %9  %39
%80 = OpAccessChain  %53  %18 %79 %77 %78
%81 = OpLoad  %22  %80
OpStore %37 %81
%82 = OpLoad  %9  %39
%85 = OpAccessChain  %53  %18 %84 %82 %83
%86 = OpLoad  %22  %85
OpStore %38 %86
%87 = OpLoad  %22  %37
%88 = OpLoad  %22  %28
%89 = OpExtInst  %6  %1 Distance %87 %88
%92 = OpAccessChain  %90  %15 %91
%93 = OpLoad  %6  %92
%94 = OpFOrdLessThan  %47  %89 %93
OpSelectionMerge %95 None
OpBranchConditional %94 %96 %95
%96 = OpLabel
%97 = OpLoad  %22  %31
%98 = OpLoad  %22  %37
%99 = OpFAdd  %22  %97 %98
OpStore %31 %99
%100 = OpLoad  %4  %34
%101 = OpIAdd  %4  %100 %10
OpStore %34 %101
OpBranch %95
%95 = OpLabel
%102 = OpLoad  %22  %37
%103 = OpLoad  %22  %28
%104 = OpExtInst  %6  %1 Distance %102 %103
%106 = OpAccessChain  %90  %15 %105
%107 = OpLoad  %6  %106
%108 = OpFOrdLessThan  %47  %104 %107
OpSelectionMerge %109 None
OpBranchConditional %108 %110 %109
%110 = OpLabel
%111 = OpLoad  %22  %33
%112 = OpLoad  %22  %37
%113 = OpLoad  %22  %28
%114 = OpFSub  %22  %112 %113
%115 = OpFSub  %22  %111 %114
OpStore %33 %115
OpBranch %109
%109 = OpLabel
%116 = OpLoad  %22  %37
%117 = OpLoad  %22  %28
%118 = OpExtInst  %6  %1 Distance %116 %117
%120 = OpAccessChain  %90  %15 %119
%121 = OpLoad  %6  %120
%122 = OpFOrdLessThan  %47  %118 %121
OpSelectionMerge %123 None
OpBranchConditional %122 %124 %123
%124 = OpLabel
%125 = OpLoad  %22  %32
%126 = OpLoad  %22  %38
%127 = OpFAdd  %22  %125 %126
OpStore %32 %127
%128 = OpLoad  %4  %36
%129 = OpIAdd  %4  %128 %10
OpStore %36 %129
OpBranch %123
%123 = OpLabel
OpBranch %68
%68 = OpLabel
%130 = OpLoad  %9  %39
%131 = OpIAdd  %9  %130 %11
OpStore %39 %131
OpBranch %65
%66 = OpLabel
%132 = OpLoad  %4  %34
%133 = OpSGreaterThan  %47  %132 %7
OpSelectionMerge %134 None
OpBranchConditional %133 %135 %134
%135 = OpLabel
%136 = OpLoad  %22  %31
%137 = OpLoad  %4  %34
%138 = OpConvertSToF  %6  %137
%139 = OpFDiv  %6  %12 %138
%140 = OpVectorTimesScalar  %22  %136 %139
%141 = OpLoad  %22  %28
%142 = OpFSub  %22  %140 %141
OpStore %31 %142
OpBranch %134
%134 = OpLabel
%143 = OpLoad  %4  %36
%144 = OpSGreaterThan  %47  %143 %7
OpSelectionMerge %145 None
OpBranchConditional %144 %146 %145
%146 = OpLabel
%147 = OpLoad  %22  %32
%148 = OpLoad  %4  %36
%149 = OpConvertSToF  %6  %148
%150 = OpFDiv  %6  %12 %149
%151 = OpVectorTimesScalar  %22  %147 %150
OpStore %32 %151
OpBranch %145
%145 = OpLabel
%152 = OpLoad  %22  %30
%153 = OpLoad  %22  %31
%155 = OpAccessChain  %90  %15 %154
%156 = OpLoad  %6  %155
%157 = OpVectorTimesScalar  %22  %153 %156
%158 = OpFAdd  %22  %152 %157
%159 = OpLoad  %22  %33
%161 = OpAccessChain  %90  %15 %160
%162 = OpLoad  %6  %161
%163 = OpVectorTimesScalar  %22  %159 %162
%164 = OpFAdd  %22  %158 %163
%165 = OpLoad  %22  %32
%167 = OpAccessChain  %90  %15 %166
%168 = OpLoad  %6  %167
%169 = OpVectorTimesScalar  %22  %165 %168
%170 = OpFAdd  %22  %164 %169
OpStore %30 %170
%171 = OpLoad  %22  %30
%172 = OpExtInst  %22  %1 Normalize %171
%173 = OpLoad  %22  %30
%174 = OpExtInst  %6  %1 Length %173
%175 = OpExtInst  %6  %1 FClamp %174 %5 %13
%176 = OpVectorTimesScalar  %22  %172 %175
OpStore %30 %176
%177 = OpLoad  %22  %28
%178 = OpLoad  %22  %30
%180 = OpAccessChain  %90  %15 %179
%181 = OpLoad  %6  %180
%182 = OpVectorTimesScalar  %22  %178 %181
%183 = OpFAdd  %22  %177 %182
OpStore %28 %183
%184 = OpLoad  %22  %28
%185 = OpCompositeExtract  %6  %184 0
%186 = OpFOrdLessThan  %47  %185 %14
OpSelectionMerge %187 None
OpBranchConditional %186 %188 %187
%188 = OpLabel
%191 = OpAccessChain  %189  %28 %190
OpStore %191 %12
OpBranch %187
%187 = OpLabel
%192 = OpLoad  %22  %28
%193 = OpCompositeExtract  %6  %192 0
%194 = OpFOrdGreaterThan  %47  %193 %12
OpSelectionMerge %195 None
OpBranchConditional %194 %196 %195
%196 = OpLabel
%198 = OpAccessChain  %189  %28 %197
OpStore %198 %14
OpBranch %195
%195 = OpLabel
%199 = OpLoad  %22  %28
%200 = OpCompositeExtract  %6  %199 1
%201 = OpFOrdLessThan  %47  %200 %14
OpSelectionMerge %202 None
OpBranchConditional %201 %203 %202
%203 = OpLabel
%205 = OpAccessChain  %189  %28 %204
OpStore %205 %12
OpBranch %202
%202 = OpLabel
%206 = OpLoad  %22  %28
%207 = OpCompositeExtract  %6  %206 1
%208 = OpFOrdGreaterThan  %47  %207 %12
OpSelectionMerge %209 None
OpBranchConditional %208 %210 %209
%210 = OpLabel
%212 = OpAccessChain  %189  %28 %211
OpStore %212 %14
OpBranch %209
%209 = OpLabel
%213 = OpLoad  %22  %28
%216 = OpAccessChain  %53  %24 %215 %46 %214
OpStore %216 %213
%217 = OpLoad  %22  %30
%220 = OpAccessChain  %53  %24 %219 %46 %218
OpStore %220 %217
OpReturn
OpFunctionEnd
