---
source: tests/snapshots.rs
expression: msl
---
#include <metal_stdlib>
#include <simd/simd.h>

constexpr constant unsigned const_0u = 0u;
constexpr constant unsigned const_1u = 1u;
constexpr constant unsigned const_2u = 2u;
constexpr constant unsigned const_3u = 3u;
typedef metal::uint type1[1];
struct PrimeIndices {
    type1 data;
};

metal::uint collatz_iterations(
    metal::uint n_base
) {
    metal::uint n;
    metal::uint i = const_0u;
    n = n_base;
    while(true) {
        if (n <= const_1u) {
            break;
        }
        if ((n % const_2u) == const_0u) {
            n = n / const_2u;
        } else {
            n = (const_3u * n) + const_1u;
        }
        i = i + const_1u;
    }
    return i;
}

struct main1Input {
};
kernel void main1(
  metal::uint3 global_id [[thread_position_in_grid]]
, device PrimeIndices& v_indices [[user(fake0)]]
) {
    metal::uint _expr9 = collatz_iterations(v_indices.data[global_id.x]);
    v_indices.data[global_id.x] = _expr9;
    return;
}

