---
source: tests/snapshots.rs
expression: output
---
(
    types: [
        (
            name: None,
            inner: Vector(
                size: Tri,
                kind: Uint,
                width: 4,
            ),
        ),
        (
            name: None,
            inner: Scalar(
                kind: Uint,
                width: 4,
            ),
        ),
        (
            name: None,
            inner: Array(
                base: 2,
                size: Dynamic,
                stride: Some(4),
            ),
        ),
        (
            name: Some("PrimeIndices"),
            inner: Struct(
                block: true,
                members: [
                    (
                        name: Some("data"),
                        span: None,
                        ty: 3,
                    ),
                ],
            ),
        ),
    ],
    constants: [
        (
            name: None,
            specialization: None,
            inner: Scalar(
                width: 4,
                value: Uint(0),
            ),
        ),
        (
            name: None,
            specialization: None,
            inner: Scalar(
                width: 4,
                value: Uint(1),
            ),
        ),
        (
            name: None,
            specialization: None,
            inner: Scalar(
                width: 4,
                value: Uint(2),
            ),
        ),
        (
            name: None,
            specialization: None,
            inner: Scalar(
                width: 4,
                value: Uint(3),
            ),
        ),
    ],
    global_variables: [
        (
            name: Some("global_id"),
            class: Input,
            binding: Some(BuiltIn(GlobalInvocationId)),
            ty: 1,
            init: None,
            interpolation: None,
            storage_access: (
                bits: 0,
            ),
        ),
        (
            name: Some("v_indices"),
            class: Storage,
            binding: Some(Resource(
                group: 0,
                binding: 0,
            )),
            ty: 4,
            init: None,
            interpolation: None,
            storage_access: (
                bits: 3,
            ),
        ),
    ],
    functions: [
        (
            name: Some("collatz_iterations"),
            arguments: [
                (
                    name: Some("n_base"),
                    ty: 2,
                ),
            ],
            return_type: Some(2),
            local_variables: [
                (
                    name: Some("n"),
                    ty: 2,
                    init: None,
                ),
                (
                    name: Some("i"),
                    ty: 2,
                    init: Some(1),
                ),
            ],
            expressions: [
                GlobalVariable(1),
                GlobalVariable(2),
                FunctionArgument(0),
                LocalVariable(1),
                Constant(1),
                LocalVariable(2),
                Load(
                    pointer: 4,
                ),
                Constant(2),
                Binary(
                    op: LessEqual,
                    left: 7,
                    right: 8,
                ),
                Load(
                    pointer: 4,
                ),
                Constant(3),
                Binary(
                    op: Modulo,
                    left: 10,
                    right: 11,
                ),
                Constant(1),
                Binary(
                    op: Equal,
                    left: 12,
                    right: 13,
                ),
                Load(
                    pointer: 4,
                ),
                Constant(3),
                Binary(
                    op: Divide,
                    left: 15,
                    right: 16,
                ),
                Constant(4),
                Load(
                    pointer: 4,
                ),
                Binary(
                    op: Multiply,
                    left: 18,
                    right: 19,
                ),
                Constant(2),
                Binary(
                    op: Add,
                    left: 20,
                    right: 21,
                ),
                Load(
                    pointer: 6,
                ),
                Constant(2),
                Binary(
                    op: Add,
                    left: 23,
                    right: 24,
                ),
                Load(
                    pointer: 6,
                ),
            ],
            body: [
                Store(
                    pointer: 4,
                    value: 3,
                ),
                Loop(
                    body: [
                        Emit((
                            start: 6,
                            end: 7,
                        )),
                        Emit((
                            start: 8,
                            end: 9,
                        )),
                        If(
                            condition: 9,
                            accept: [
                                Break,
                            ],
                            reject: [],
                        ),
                        Emit((
                            start: 9,
                            end: 10,
                        )),
                        Emit((
                            start: 11,
                            end: 12,
                        )),
                        Emit((
                            start: 13,
                            end: 14,
                        )),
                        If(
                            condition: 14,
                            accept: [
                                Emit((
                                    start: 14,
                                    end: 15,
                                )),
                                Emit((
                                    start: 16,
                                    end: 17,
                                )),
                                Store(
                                    pointer: 4,
                                    value: 17,
                                ),
                            ],
                            reject: [
                                Emit((
                                    start: 18,
                                    end: 20,
                                )),
                                Emit((
                                    start: 21,
                                    end: 22,
                                )),
                                Store(
                                    pointer: 4,
                                    value: 22,
                                ),
                            ],
                        ),
                        Emit((
                            start: 22,
                            end: 23,
                        )),
                        Emit((
                            start: 24,
                            end: 25,
                        )),
                        Store(
                            pointer: 6,
                            value: 25,
                        ),
                    ],
                    continuing: [],
                ),
                Emit((
                    start: 25,
                    end: 26,
                )),
                Return(
                    value: Some(26),
                ),
            ],
        ),
    ],
    entry_points: {
        (Compute, "main"): (
            early_depth_test: None,
            workgroup_size: (1, 1, 1),
            function: (
                name: Some("main"),
                arguments: [],
                return_type: None,
                local_variables: [],
                expressions: [
                    GlobalVariable(1),
                    GlobalVariable(2),
                    AccessIndex(
                        base: 2,
                        index: 0,
                    ),
                    Load(
                        pointer: 1,
                    ),
                    AccessIndex(
                        base: 4,
                        index: 0,
                    ),
                    Access(
                        base: 3,
                        index: 5,
                    ),
                    AccessIndex(
                        base: 2,
                        index: 0,
                    ),
                    Load(
                        pointer: 1,
                    ),
                    AccessIndex(
                        base: 8,
                        index: 0,
                    ),
                    Access(
                        base: 7,
                        index: 9,
                    ),
                    Load(
                        pointer: 10,
                    ),
                    Call(1),
                ],
                body: [
                    Emit((
                        start: 2,
                        end: 11,
                    )),
                    Call(
                        function: 1,
                        arguments: [
                            11,
                        ],
                        result: Some(12),
                    ),
                    Store(
                        pointer: 6,
                        value: 12,
                    ),
                    Return(
                        value: None,
                    ),
                ],
            ),
        ),
    },
)
