---
source: tests/snapshots.rs
expression: hlsl

---

void main()
{
    return;
}

