---
source: tests/snapshots.rs
expression: string
---
#version 310 es

precision highp float;

struct VertexOutput {
    vec2 uv;
    vec4 position;
};

in vec2 _in_location_0;
in vec2 _in_location_1;
out vec2 _out_location_0;

void main() {
    vec2 pos = _in_location_0;
    vec2 uv1 = _in_location_1;
    VertexOutput out1;
    out1.uv = uv1;
    out1.position = vec4((1.2 * pos), 0.0, 1.0);
    _out_location_0 = out1.uv;
    gl_Position = out1.position;
    return;
}


