---
source: tests/snapshots.rs
expression: string
---
digraph Module {
	subgraph cluster_globals {
		label="Globals"
		g0 [ shape=hexagon label="[1] Input/'a_pos'" ]
		g1 [ shape=hexagon label="[2] Input/'a_uv'" ]
		g2 [ shape=hexagon label="[3] Output/'v_uv'" ]
		g3 [ shape=hexagon label="[4] Output/'o_position'" ]
		g4 [ shape=hexagon label="[5] Input/'v_uv'" ]
		g5 [ shape=hexagon label="[6] Handle/'u_texture'" ]
		g6 [ shape=hexagon label="[7] Handle/'u_sampler'" ]
		g7 [ shape=hexagon label="[8] Output/'o_color'" ]
	}
	subgraph cluster_ep0 {
		label="Vertex/'main'"
		node [ style=filled ]
		ep0_e0 [ color="#ffffb3" label="[1] Constant" ]
		ep0_e1 [ color="#ffffb3" label="[2] Global" ]
		g0 -> ep0_e1 [color=gray]
		ep0_e2 [ color="#ffffb3" label="[3] Global" ]
		g2 -> ep0_e2 [color=gray]
		ep0_e3 [ color="#ffffb3" label="[4] Global" ]
		g3 -> ep0_e3 [color=gray]
		ep0_e4 [ color="#ffffb3" label="[5] Global" ]
		g1 -> ep0_e4 [color=gray]
		ep0_e5 [ color="#fb8072" label="[6] Load" ]
		ep0_e4 -> ep0_e5 [ label="pointer" ]
		ep0_e6 [ color="#fb8072" label="[7] Load" ]
		ep0_e1 -> ep0_e6 [ label="pointer" ]
		ep0_e7 [ color="#fdb462" label="[8] Multiply" ]
		ep0_e6 -> ep0_e7 [ label="right" ]
		ep0_e0 -> ep0_e7 [ label="left" ]
		ep0_e8 [ color="#ffffb3" label="[9] Constant" ]
		ep0_e9 [ color="#ffffb3" label="[10] Constant" ]
		ep0_e10 [ color="#bebada" label="[11] Compose" ]
		{ ep0_e7 ep0_e8 ep0_e9 } -> ep0_e10
		ep0_s0 [ shape=square label="Root" ]
		ep0_s1 [ shape=square label="Emit" ]
		ep0_s2 [ shape=square label="Store" ]
		ep0_s3 [ shape=square label="Emit" ]
		ep0_s4 [ shape=square label="Emit" ]
		ep0_s5 [ shape=square label="Store" ]
		ep0_s6 [ shape=square label="Return" ]
		ep0_s0 -> ep0_s1 [ arrowhead=tee label="" ]
		ep0_s1 -> ep0_s2 [ arrowhead=tee label="" ]
		ep0_s2 -> ep0_s3 [ arrowhead=tee label="" ]
		ep0_s3 -> ep0_s4 [ arrowhead=tee label="" ]
		ep0_s4 -> ep0_s5 [ arrowhead=tee label="" ]
		ep0_s5 -> ep0_s6 [ arrowhead=tee label="" ]
		ep0_e5 -> ep0_s2 [ label="value" ]
		ep0_e10 -> ep0_s5 [ label="value" ]
		ep0_s1 -> ep0_e5 [ style=dotted ]
		ep0_s2 -> ep0_e2 [ style=dotted ]
		ep0_s3 -> ep0_e6 [ style=dotted ]
		ep0_s3 -> ep0_e7 [ style=dotted ]
		ep0_s4 -> ep0_e10 [ style=dotted ]
		ep0_s5 -> ep0_e3 [ style=dotted ]
	}
	subgraph cluster_ep1 {
		label="Fragment/'main'"
		node [ style=filled ]
		ep1_e0 [ color="#ffffb3" label="[1] Global" ]
		g3 -> ep1_e0 [color=gray]
		ep1_e1 [ color="#ffffb3" label="[2] Global" ]
		g6 -> ep1_e1 [color=gray]
		ep1_e2 [ color="#ffffb3" label="[3] Global" ]
		g5 -> ep1_e2 [color=gray]
		ep1_e3 [ color="#ffffb3" label="[4] Constant" ]
		ep1_e4 [ color="#ffffb3" label="[5] Global" ]
		g0 -> ep1_e4 [color=gray]
		ep1_e5 [ color="#ffffb3" label="[6] Global" ]
		g4 -> ep1_e5 [color=gray]
		ep1_e6 [ color="#ffffb3" label="[7] Global" ]
		g1 -> ep1_e6 [color=gray]
		ep1_e7 [ color="#ffffb3" label="[8] Global" ]
		g7 -> ep1_e7 [color=gray]
		ep1_e8 [ color="#fb8072" label="[9] Load" ]
		ep1_e5 -> ep1_e8 [ label="pointer" ]
		ep1_e9 [ color="#80b1d3" label="[10] ImageSample" ]
		ep1_e1 -> ep1_e9 [ label="sampler" ]
		ep1_e2 -> ep1_e9 [ label="image" ]
		ep1_e8 -> ep1_e9 [ label="coordinate" ]
		ep1_e10 [ color="#8dd3c7" label="[11] AccessIndex[3]" ]
		ep1_e9 -> ep1_e10 [ label="base" ]
		ep1_e11 [ color="#ffffb3" label="[12] Constant" ]
		ep1_e12 [ color="#fdb462" label="[13] Equal" ]
		ep1_e11 -> ep1_e12 [ label="right" ]
		ep1_e10 -> ep1_e12 [ label="left" ]
		ep1_s0 [ shape=square label="Root" ]
		ep1_s1 [ shape=square label="Emit" ]
		ep1_s2 [ shape=square label="Emit" ]
		ep1_s3 [ shape=square label="Emit" ]
		ep1_s4 [ shape=square label="If" ]
		ep1_s5 [ shape=square label="Node" ]
		ep1_s6 [ shape=square label="Kill" ]
		ep1_s7 [ shape=square label="Node" ]
		ep1_s8 [ shape=square label="Store" ]
		ep1_s9 [ shape=square label="Return" ]
		ep1_s0 -> ep1_s1 [ arrowhead=tee label="" ]
		ep1_s1 -> ep1_s2 [ arrowhead=tee label="" ]
		ep1_s2 -> ep1_s3 [ arrowhead=tee label="" ]
		ep1_s3 -> ep1_s4 [ arrowhead=tee label="" ]
		ep1_s5 -> ep1_s6 [ arrowhead=tee label="" ]
		ep1_s4 -> ep1_s5 [ arrowhead=tee label="accept" ]
		ep1_s4 -> ep1_s7 [ arrowhead=tee label="reject" ]
		ep1_s7 -> ep1_s8 [ arrowhead=tee label="" ]
		ep1_s8 -> ep1_s9 [ arrowhead=tee label="" ]
		ep1_e12 -> ep1_s4 [ label="condition" ]
		ep1_e9 -> ep1_s8 [ label="value" ]
		ep1_s1 -> ep1_e8 [ style=dotted ]
		ep1_s1 -> ep1_e9 [ style=dotted ]
		ep1_s2 -> ep1_e10 [ style=dotted ]
		ep1_s3 -> ep1_e12 [ style=dotted ]
		ep1_s8 -> ep1_e7 [ style=dotted ]
	}
}

