---
source: tests/snapshots.rs
expression: string
---
#version 310 es

precision highp float;

struct VertexOutput {
    vec4 position;
    vec3 uv;
};

uniform highp samplerCube _group_0_binding_1;

layout(location = 0) in vec3 _vs2fs_location0;
layout(location = 0) out vec4 _fs2p_location0;

void main() {
    vec3 uv1 = _vs2fs_location0;
    vec4 _expr4 = texture(_group_0_binding_1, vec3(uv1));
    _fs2p_location0 = _expr4;
    return;
}


