---
source: tests/snapshots.rs
expression: msl
---
#include <metal_stdlib>
#include <simd/simd.h>

typedef float4 type;
typedef int type1;

struct main1Input {
};
struct main1Output {
	type o_position [[position]];
};
vertex main1Output main1(
	main1Input input [[stage_in]]
) {
	main1Output output;
	output.o_position = float4(1);
	return output;
}

