---
source: tests/snapshots.rs
expression: msl
---
#include <metal_stdlib>
#include <simd/simd.h>

typedef metal::uint3 type;

typedef uint type1;

typedef type1 type2[1];

struct PrimeIndices {
    type2 data;
};

type1 collatz_iterations(
    type1 n_base
) {
    type1 n;
    type1 i = 0u;
    n = n_base;
    while(true) {
        if ((n <= 1u)) {
            break;
        }
        if (((n % 2u) == 0u)) {
            n = (n / 2u);
        } else {
            n = ((3u * n) + 1u);
        }
        i = (i + 1u);
    }
    return i;
}

kernel void main1(
    type global_id [[thread_position_in_grid]],
    device PrimeIndices& v_indices [[buffer(0)]]
) {
    v_indices.data[global_id.x] = collatz_iterations(v_indices.data[global_id.x]);
    return ;
}

